[Compile Errors] Timestamp: 2026-03-13 오후 8:43:19
(0,0): error error CS2001: Source file 'C:\Graduation\GraduationProject\Assets/_GraduationProject/02_Scripts/04_UI/SettingUI/SettingComponent.cs' could not be found.
